E:\Learning\semester_4\stima\2018-TowerDefence\starter-pack\reference-bot\java\src\main\java\za\co\entelect\challenge\entities\BuildingStats.java
E:\Learning\semester_4\stima\2018-TowerDefence\starter-pack\reference-bot\java\src\main\java\za\co\entelect\challenge\entities\Player.java
E:\Learning\semester_4\stima\2018-TowerDefence\starter-pack\reference-bot\java\src\main\java\za\co\entelect\challenge\entities\Building.java
E:\Learning\semester_4\stima\2018-TowerDefence\starter-pack\reference-bot\java\src\main\java\za\co\entelect\challenge\entities\Type.java
E:\Learning\semester_4\stima\2018-TowerDefence\starter-pack\reference-bot\java\src\main\java\za\co\entelect\challenge\entities\Missile.java
E:\Learning\semester_4\stima\2018-TowerDefence\starter-pack\reference-bot\java\src\main\java\za\co\entelect\challenge\Main.java
E:\Learning\semester_4\stima\2018-TowerDefence\starter-pack\reference-bot\java\src\main\java\za\co\entelect\challenge\enums\BuildingType.java
E:\Learning\semester_4\stima\2018-TowerDefence\starter-pack\reference-bot\java\src\main\java\za\co\entelect\challenge\entities\GameDetails.java
E:\Learning\semester_4\stima\2018-TowerDefence\starter-pack\reference-bot\java\src\main\java\za\co\entelect\challenge\entities\BuildingsOnMap.java
E:\Learning\semester_4\stima\2018-TowerDefence\starter-pack\reference-bot\java\src\main\java\za\co\entelect\challenge\entities\Cell.java
E:\Learning\semester_4\stima\2018-TowerDefence\starter-pack\reference-bot\java\src\main\java\za\co\entelect\challenge\enums\PlayerType.java
E:\Learning\semester_4\stima\2018-TowerDefence\starter-pack\reference-bot\java\src\main\java\za\co\entelect\challenge\enums\Direction.java
E:\Learning\semester_4\stima\2018-TowerDefence\starter-pack\reference-bot\java\src\main\java\za\co\entelect\challenge\entities\CellStateContainer.java
E:\Learning\semester_4\stima\2018-TowerDefence\starter-pack\reference-bot\java\src\main\java\za\co\entelect\challenge\entities\GameState.java
E:\Learning\semester_4\stima\2018-TowerDefence\starter-pack\reference-bot\java\src\main\java\za\co\entelect\challenge\Bot.java
